// Jest Snapshot v1, https://goo.gl/fbAQLP

exports[`<App /> should match snapshot 1`] = `
preact-render-spy (1 nodes)
-------
<div
  id="ada-embed"
  class="ada-embed-app"
>
</div>

`;
